// Jest Snapshot v1, https://goo.gl/fbAQLP

exports[`renders a table with 2 files 1`] = `
<div>
  <table
    class="table table-striped"
  >
    <thead>
      <tr>
        <th>
          #
        </th>
        <th>
          File
        </th>
        <th>
          Actions
        </th>
      </tr>
    </thead>
    <tbody>
      <tr>
        <th
          scope="row"
        >
          1
        </th>
        <td>
          file_1
        </td>
        <td>
          <button
            class="btn btn-link"
            title="move file_1 down"
            type="button"
          >
            <svg
              aria-hidden="true"
              class="svg-inline--fa fa-chevron-down fa-w-14 "
              data-icon="chevron-down"
              data-prefix="fas"
              role="img"
              viewBox="0 0 448 512"
              xmlns="http://www.w3.org/2000/svg"
            >
              <path
                d="M207.029 381.476L12.686 187.132c-9.373-9.373-9.373-24.569 0-33.941l22.667-22.667c9.357-9.357 24.522-9.375 33.901-.04L224 284.505l154.745-154.021c9.379-9.335 24.544-9.317 33.901.04l22.667 22.667c9.373 9.373 9.373 24.569 0 33.941L240.971 381.476c-9.373 9.372-24.569 9.372-33.942 0z"
                fill="currentColor"
              />
            </svg>
          </button>
          <button
            class="btn btn-link"
            title="remove file_1"
            type="button"
          >
            <svg
              aria-hidden="true"
              class="svg-inline--fa fa-minus fa-w-14 "
              data-icon="minus"
              data-prefix="fas"
              role="img"
              viewBox="0 0 448 512"
              xmlns="http://www.w3.org/2000/svg"
            >
              <path
                d="M416 208H32c-17.67 0-32 14.33-32 32v32c0 17.67 14.33 32 32 32h384c17.67 0 32-14.33 32-32v-32c0-17.67-14.33-32-32-32z"
                fill="currentColor"
              />
            </svg>
          </button>
        </td>
      </tr>
      <tr>
        <th
          scope="row"
        >
          2
        </th>
        <td>
          file_2
        </td>
        <td>
          <button
            class="btn btn-link"
            title="move file_2 up"
            type="button"
          >
            <svg
              aria-hidden="true"
              class="svg-inline--fa fa-chevron-up fa-w-14 "
              data-icon="chevron-up"
              data-prefix="fas"
              role="img"
              viewBox="0 0 448 512"
              xmlns="http://www.w3.org/2000/svg"
            >
              <path
                d="M240.971 130.524l194.343 194.343c9.373 9.373 9.373 24.569 0 33.941l-22.667 22.667c-9.357 9.357-24.522 9.375-33.901.04L224 227.495 69.255 381.516c-9.379 9.335-24.544 9.317-33.901-.04l-22.667-22.667c-9.373-9.373-9.373-24.569 0-33.941L207.03 130.525c9.372-9.373 24.568-9.373 33.941-.001z"
                fill="currentColor"
              />
            </svg>
          </button>
          <button
            class="btn btn-link"
            title="remove file_2"
            type="button"
          >
            <svg
              aria-hidden="true"
              class="svg-inline--fa fa-minus fa-w-14 "
              data-icon="minus"
              data-prefix="fas"
              role="img"
              viewBox="0 0 448 512"
              xmlns="http://www.w3.org/2000/svg"
            >
              <path
                d="M416 208H32c-17.67 0-32 14.33-32 32v32c0 17.67 14.33 32 32 32h384c17.67 0 32-14.33 32-32v-32c0-17.67-14.33-32-32-32z"
                fill="currentColor"
              />
            </svg>
          </button>
        </td>
      </tr>
    </tbody>
  </table>
</div>
`;
